 | test.c:72:3:72:10 | call to mtx_lock | Mutex 'g1' is locked here and may not always be subsequently unlocked. |
 | test.c:79:3:79:10 | call to mtx_lock | Mutex 'm' is locked here and may not always be subsequently unlocked. |
 | test.c:101:5:101:12 | call to mtx_lock | Mutex 'm' is locked here and may not always be subsequently unlocked. |